[0.000000] (-) TimerEvent: {}
[0.000176] (waiter_robot) JobQueued: {'identifier': 'waiter_robot', 'dependencies': OrderedDict()}
[0.000203] (waiter_robot) JobStarted: {'identifier': 'waiter_robot'}
[0.012843] (waiter_robot) JobProgress: {'identifier': 'waiter_robot', 'progress': 'cmake'}
[0.013775] (waiter_robot) Command: {'cmd': ['/usr/bin/cmake', '/home/patricia/ArquiRobots/ros2_ws/PracticasArquiRobots/Practica5/ws_waiter/src/waiter_robot', '-DAMENT_CMAKE_SYMLINK_INSTALL=1', '-DCMAKE_INSTALL_PREFIX=/home/patricia/ArquiRobots/ros2_ws/PracticasArquiRobots/Practica5/ws_waiter/install/waiter_robot'], 'cwd': '/home/patricia/ArquiRobots/ros2_ws/PracticasArquiRobots/Practica5/ws_waiter/build/waiter_robot', 'env': OrderedDict({'GZ_SIM_RESOURCE_PATH': '/opt/ros/jazzy/share', 'USER': 'patricia', 'GZ_CONFIG_PATH': '/opt/ros/jazzy/opt/gz_sim_vendor/share/gz:/opt/ros/jazzy/opt/sdformat_vendor/share/gz:/opt/ros/jazzy/opt/gz_gui_vendor/share/gz:/opt/ros/jazzy/opt/gz_transport_vendor/share/gz:/opt/ros/jazzy/opt/gz_rendering_vendor/share/gz:/opt/ros/jazzy/opt/gz_plugin_vendor/share/gz:/opt/ros/jazzy/opt/gz_fuel_tools_vendor/share/gz:/opt/ros/jazzy/opt/gz_msgs_vendor/share/gz:/opt/ros/jazzy/opt/gz_common_vendor/share/gz', 'SHLVL': '1', 'LD_LIBRARY_PATH': '/opt/ros/jazzy/opt/gz_sim_vendor/lib:/opt/ros/jazzy/opt/gz_sensors_vendor/lib:/opt/ros/jazzy/opt/gz_physics_vendor/lib:/opt/ros/jazzy/opt/sdformat_vendor/lib:/opt/ros/jazzy/opt/rviz_ogre_vendor/lib:/opt/ros/jazzy/lib/x86_64-linux-gnu:/opt/ros/jazzy/opt/gz_gui_vendor/lib:/opt/ros/jazzy/opt/gz_transport_vendor/lib:/opt/ros/jazzy/opt/gz_rendering_vendor/lib:/opt/ros/jazzy/opt/gz_plugin_vendor/lib:/opt/ros/jazzy/opt/gz_fuel_tools_vendor/lib:/opt/ros/jazzy/opt/gz_msgs_vendor/lib:/opt/ros/jazzy/opt/gz_common_vendor/lib:/opt/ros/jazzy/opt/gz_math_vendor/lib:/opt/ros/jazzy/opt/gz_utils_vendor/lib:/opt/ros/jazzy/opt/gz_tools_vendor/lib:/opt/ros/jazzy/opt/gz_ogre_next_vendor/lib:/opt/ros/jazzy/opt/gz_dartsim_vendor/lib:/opt/ros/jazzy/opt/gz_cmake_vendor/lib:/opt/ros/jazzy/lib', 'WT_PROFILE_ID': '{ca8f3f66-1805-5b44-a4b4-ca50dc52154f}', 'HOME': '/home/patricia', 'OLDPWD': '/home/patricia/ArquiRobots/ros2_ws/PracticasArquiRobots/Practica5/ws_waiter/src', 'ROS_PYTHON_VERSION': '3', 'PS1': '\\[\\e[35m\\]\\u@\\h:\\w$\\[\\e[0m\\]', 'DBUS_SESSION_BUS_ADDRESS': 'unix:path=/run/user/1000/bus', 'WSL_DISTRO_NAME': 'Ubuntu', 'DEBUGINFOD_URLS': 'https://debuginfod.ubuntu.com', 'WAYLAND_DISPLAY': 'wayland-0', 'ROS_DISTRO': 'jazzy', 'LOGNAME': 'patricia', 'NAME': 'Patricia', 'WSL_INTEROP': '/run/WSL/391_interop', 'PULSE_SERVER': 'unix:/mnt/wslg/PulseServer', '_': '/usr/bin/colcon', 'ROS_VERSION': '2', 'TERM': 'xterm-256color', 'PATH': '/opt/ros/jazzy/opt/gz_msgs_vendor/bin:/opt/ros/jazzy/opt/gz_tools_vendor/bin:/opt/ros/jazzy/opt/gz_ogre_next_vendor/bin:/opt/ros/jazzy/bin:/usr/local/sbin:/usr/local/bin:/usr/sbin:/usr/bin:/sbin:/bin:/usr/games:/usr/local/games:/usr/lib/wsl/lib:/mnt/c/windows/system32:/mnt/c/windows:/mnt/c/windows/System32/Wbem:/mnt/c/windows/System32/WindowsPowerShell/v1.0/:/mnt/c/windows/System32/OpenSSH/:/mnt/c/WINDOWS/system32:/mnt/c/WINDOWS:/mnt/c/WINDOWS/System32/Wbem:/mnt/c/WINDOWS/System32/WindowsPowerShell/v1.0/:/mnt/c/WINDOWS/System32/OpenSSH/:/mnt/c/Program Files/dotnet/:/mnt/c/Program Files/MATLAB/R2025b/bin:/mnt/c/Program Files/Git/cmd:/mnt/c/Users/patri/AppData/Local/Microsoft/WindowsApps:/mnt/c/Users/patri/AppData/Local/Programs/Microsoft VS Code/bin:/mnt/c/Users/patri/.dotnet/tools:/mnt/c/msys64/ucrt64/bin:/snap/bin', 'WT_SESSION': 'a7204982-84fd-43df-b583-b6399e61e79a', 'XDG_RUNTIME_DIR': '/run/user/1000/', 'DISPLAY': ':0', 'LANG': 'en_US.UTF-8', 'AMENT_PREFIX_PATH': '/opt/ros/jazzy', 'SHELL': '/bin/bash', 'ROS_AUTOMATIC_DISCOVERY_RANGE': 'SUBNET', 'PWD': '/home/patricia/ArquiRobots/ros2_ws/PracticasArquiRobots/Practica5/ws_waiter/build/waiter_robot', 'XDG_DATA_DIRS': '/usr/local/share:/usr/share:/var/lib/snapd/desktop', 'PYTHONPATH': '/opt/ros/jazzy/lib/python3.12/site-packages', 'COLCON': '1', 'WSL2_GUI_APPS_ENABLED': '1', 'HOSTTYPE': 'x86_64', 'CMAKE_PREFIX_PATH': '/opt/ros/jazzy/opt/gz_sim_vendor:/opt/ros/jazzy/opt/gz_sensors_vendor:/opt/ros/jazzy/opt/gz_physics_vendor:/opt/ros/jazzy/opt/sdformat_vendor:/opt/ros/jazzy/opt/gz_gui_vendor:/opt/ros/jazzy/opt/gz_transport_vendor:/opt/ros/jazzy/opt/gz_rendering_vendor:/opt/ros/jazzy/opt/gz_plugin_vendor:/opt/ros/jazzy/opt/gz_fuel_tools_vendor:/opt/ros/jazzy/opt/gz_msgs_vendor:/opt/ros/jazzy/opt/gz_common_vendor:/opt/ros/jazzy/opt/gz_math_vendor:/opt/ros/jazzy/opt/gz_utils_vendor:/opt/ros/jazzy/opt/gz_tools_vendor:/opt/ros/jazzy/opt/gz_ogre_next_vendor:/opt/ros/jazzy/opt/gz_dartsim_vendor:/opt/ros/jazzy/opt/gz_cmake_vendor:/opt/ros/jazzy', 'WSLENV': 'WT_SESSION:WT_PROFILE_ID:'}), 'shell': False}
[0.099197] (-) TimerEvent: {}
[0.199645] (-) TimerEvent: {}
[0.300269] (-) TimerEvent: {}
[0.400734] (-) TimerEvent: {}
[0.476337] (waiter_robot) StdoutLine: {'line': b'-- The C compiler identification is GNU 13.3.0\n'}
[0.500914] (-) TimerEvent: {}
[0.601214] (-) TimerEvent: {}
[0.701616] (-) TimerEvent: {}
[0.801987] (-) TimerEvent: {}
[0.902323] (-) TimerEvent: {}
[1.002807] (-) TimerEvent: {}
[1.103218] (-) TimerEvent: {}
[1.203604] (-) TimerEvent: {}
[1.304379] (-) TimerEvent: {}
[1.404785] (-) TimerEvent: {}
[1.496831] (waiter_robot) StdoutLine: {'line': b'-- The CXX compiler identification is GNU 13.3.0\n'}
[1.504859] (-) TimerEvent: {}
[1.605151] (-) TimerEvent: {}
[1.705566] (-) TimerEvent: {}
[1.805942] (-) TimerEvent: {}
[1.906367] (-) TimerEvent: {}
[2.006672] (-) TimerEvent: {}
[2.106962] (-) TimerEvent: {}
[2.207332] (-) TimerEvent: {}
[2.307692] (-) TimerEvent: {}
[2.386116] (waiter_robot) StdoutLine: {'line': b'-- Detecting C compiler ABI info\n'}
[2.407943] (-) TimerEvent: {}
[2.508345] (-) TimerEvent: {}
[2.608844] (-) TimerEvent: {}
[2.709157] (-) TimerEvent: {}
[2.762763] (waiter_robot) StdoutLine: {'line': b'-- Detecting C compiler ABI info - done\n'}
[2.771592] (waiter_robot) StdoutLine: {'line': b'-- Check for working C compiler: /usr/bin/cc - skipped\n'}
[2.772468] (waiter_robot) StdoutLine: {'line': b'-- Detecting C compile features\n'}
[2.773343] (waiter_robot) StdoutLine: {'line': b'-- Detecting C compile features - done\n'}
[2.809263] (-) TimerEvent: {}
[2.884838] (waiter_robot) StdoutLine: {'line': b'-- Detecting CXX compiler ABI info\n'}
[2.909369] (-) TimerEvent: {}
[3.009687] (-) TimerEvent: {}
[3.110064] (-) TimerEvent: {}
[3.196189] (waiter_robot) StdoutLine: {'line': b'-- Detecting CXX compiler ABI info - done\n'}
[3.203887] (waiter_robot) StdoutLine: {'line': b'-- Check for working CXX compiler: /usr/bin/c++ - skipped\n'}
[3.204250] (waiter_robot) StdoutLine: {'line': b'-- Detecting CXX compile features\n'}
[3.204694] (waiter_robot) StdoutLine: {'line': b'-- Detecting CXX compile features - done\n'}
[3.210303] (-) TimerEvent: {}
[3.225551] (waiter_robot) StdoutLine: {'line': b'-- Found ament_cmake: 2.5.5 (/opt/ros/jazzy/share/ament_cmake/cmake)\n'}
[3.310521] (-) TimerEvent: {}
[3.369003] (waiter_robot) StdoutLine: {'line': b'-- Found Python3: /usr/bin/python3 (found version "3.12.3") found components: Interpreter \n'}
[3.410627] (-) TimerEvent: {}
[3.450940] (waiter_robot) StdoutLine: {'line': b'-- Override CMake install command with custom implementation using symlinks instead of copying resources\n'}
[3.511087] (-) TimerEvent: {}
[3.518436] (waiter_robot) StdoutLine: {'line': b'-- Found rclcpp: 28.1.16 (/opt/ros/jazzy/share/rclcpp/cmake)\n'}
[3.611144] (-) TimerEvent: {}
[3.711412] (-) TimerEvent: {}
[3.811662] (-) TimerEvent: {}
[3.834382] (waiter_robot) StdoutLine: {'line': b'-- Found rosidl_generator_c: 4.6.7 (/opt/ros/jazzy/share/rosidl_generator_c/cmake)\n'}
[3.853255] (waiter_robot) StdoutLine: {'line': b'-- Found rosidl_generator_cpp: 4.6.7 (/opt/ros/jazzy/share/rosidl_generator_cpp/cmake)\n'}
[3.877894] (waiter_robot) StdoutLine: {'line': b'-- Using all available rosidl_typesupport_c: rosidl_typesupport_fastrtps_c;rosidl_typesupport_introspection_c\n'}
[3.901650] (waiter_robot) StdoutLine: {'line': b'-- Using all available rosidl_typesupport_cpp: rosidl_typesupport_fastrtps_cpp;rosidl_typesupport_introspection_cpp\n'}
[3.911795] (-) TimerEvent: {}
[3.997882] (waiter_robot) StdoutLine: {'line': b'-- Found rmw_implementation_cmake: 7.3.3 (/opt/ros/jazzy/share/rmw_implementation_cmake/cmake)\n'}
[4.001689] (waiter_robot) StdoutLine: {'line': b'-- Found rmw_fastrtps_cpp: 8.4.3 (/opt/ros/jazzy/share/rmw_fastrtps_cpp/cmake)\n'}
[4.011894] (-) TimerEvent: {}
[4.091504] (waiter_robot) StdoutLine: {'line': b'-- Found OpenSSL: /usr/lib/x86_64-linux-gnu/libcrypto.so (found version "3.0.13")  \n'}
[4.112049] (-) TimerEvent: {}
[4.212348] (-) TimerEvent: {}
[4.312906] (-) TimerEvent: {}
[4.413813] (-) TimerEvent: {}
[4.421872] (waiter_robot) StdoutLine: {'line': b'-- Found FastRTPS: /opt/ros/jazzy/include (Required is at least version "2.13") \n'}
[4.513945] (-) TimerEvent: {}
[4.614265] (-) TimerEvent: {}
[4.632009] (waiter_robot) StdoutLine: {'line': b"-- Using RMW implementation 'rmw_fastrtps_cpp' as default\n"}
[4.714492] (-) TimerEvent: {}
[4.814787] (-) TimerEvent: {}
[4.910671] (waiter_robot) StdoutLine: {'line': b'-- Found rclcpp_action: 28.1.16 (/opt/ros/jazzy/share/rclcpp_action/cmake)\n'}
[4.914864] (-) TimerEvent: {}
[4.976092] (waiter_robot) StdoutLine: {'line': b'-- Found std_msgs: 5.3.6 (/opt/ros/jazzy/share/std_msgs/cmake)\n'}
[4.997942] (waiter_robot) StdoutLine: {'line': b'-- Found std_srvs: 5.3.6 (/opt/ros/jazzy/share/std_srvs/cmake)\n'}
[5.014966] (-) TimerEvent: {}
[5.022980] (waiter_robot) StdoutLine: {'line': b'-- Found sensor_msgs: 5.3.6 (/opt/ros/jazzy/share/sensor_msgs/cmake)\n'}
[5.070314] (waiter_robot) StdoutLine: {'line': b'-- Found nav2_msgs: 1.3.10 (/opt/ros/jazzy/share/nav2_msgs/cmake)\n'}
[5.115072] (-) TimerEvent: {}
[5.186707] (waiter_robot) StdoutLine: {'line': b'-- Found tf2_ros: 0.36.19 (/opt/ros/jazzy/share/tf2_ros/cmake)\n'}
[5.215126] (-) TimerEvent: {}
[5.295421] (waiter_robot) StdoutLine: {'line': b'-- Found behaviortree_cpp: 4.8.3 (/opt/ros/jazzy/share/behaviortree_cpp/cmake)\n'}
[5.315421] (-) TimerEvent: {}
[5.415803] (-) TimerEvent: {}
[5.516372] (-) TimerEvent: {}
[5.616978] (-) TimerEvent: {}
[5.717439] (-) TimerEvent: {}
[5.817850] (-) TimerEvent: {}
[5.918232] (-) TimerEvent: {}
[6.018627] (-) TimerEvent: {}
[6.118970] (-) TimerEvent: {}
[6.219247] (-) TimerEvent: {}
[6.319602] (-) TimerEvent: {}
[6.419908] (-) TimerEvent: {}
[6.520304] (-) TimerEvent: {}
[6.620724] (-) TimerEvent: {}
[6.721083] (-) TimerEvent: {}
[6.821417] (-) TimerEvent: {}
[6.917096] (waiter_robot) StderrLine: {'line': b'\x1b[31mCMake Error at CMakeLists.txt:20 (find_package):\n'}
[6.917330] (waiter_robot) StderrLine: {'line': b'  By not providing "Findsimple_hri_interfaces.cmake" in CMAKE_MODULE_PATH\n'}
[6.917439] (waiter_robot) StderrLine: {'line': b'  this project has asked CMake to find a package configuration file provided\n'}
[6.917645] (waiter_robot) StderrLine: {'line': b'  by "simple_hri_interfaces", but CMake did not find one.\n'}
[6.917703] (waiter_robot) StderrLine: {'line': b'\n'}
[6.917744] (waiter_robot) StderrLine: {'line': b'  Could not find a package configuration file provided by\n'}
[6.917784] (waiter_robot) StderrLine: {'line': b'  "simple_hri_interfaces" with any of the following names:\n'}
[6.917823] (waiter_robot) StderrLine: {'line': b'\n'}
[6.917859] (waiter_robot) StderrLine: {'line': b'    simple_hri_interfacesConfig.cmake\n'}
[6.917893] (waiter_robot) StderrLine: {'line': b'    simple_hri_interfaces-config.cmake\n'}
[6.917936] (waiter_robot) StderrLine: {'line': b'\n'}
[6.917974] (waiter_robot) StderrLine: {'line': b'  Add the installation prefix of "simple_hri_interfaces" to CMAKE_PREFIX_PATH\n'}
[6.918013] (waiter_robot) StderrLine: {'line': b'  or set "simple_hri_interfaces_DIR" to a directory containing one of the\n'}
[6.918051] (waiter_robot) StderrLine: {'line': b'  above files.  If "simple_hri_interfaces" provides a separate development\n'}
[6.918087] (waiter_robot) StderrLine: {'line': b'  package or SDK, be sure it has been installed.\n'}
[6.918124] (waiter_robot) StderrLine: {'line': b'\n'}
[6.918165] (waiter_robot) StderrLine: {'line': b'\x1b[0m\n'}
[6.918207] (waiter_robot) StdoutLine: {'line': b'-- Configuring incomplete, errors occurred!\n'}
[6.921657] (-) TimerEvent: {}
[6.927190] (waiter_robot) CommandEnded: {'returncode': 1}
[6.953732] (waiter_robot) JobEnded: {'identifier': 'waiter_robot', 'rc': 1}
[6.964245] (-) EventReactorShutdown: {}
