[0.012s] Invoking command in '/home/patricia/ArquiRobots/ros2_ws/PracticasArquiRobots/Practica5/ws_waiter/build/waiter_robot': CMAKE_PREFIX_PATH=${CMAKE_PREFIX_PATH}:/opt/ros/jazzy DEBUGINFOD_URLS=https://debuginfod.ubuntu.com PS1=\[\e[35m\]\u@\h:\w$\[\e[0m\] /usr/bin/cmake --build /home/patricia/ArquiRobots/ros2_ws/PracticasArquiRobots/Practica5/ws_waiter/build/waiter_robot -- -j12 -l12
[0.061s] [ 77%] Built target waiter_nodes
[0.083s] [100%] Built target waiter_bt_example
[0.092s] Invoked command in '/home/patricia/ArquiRobots/ros2_ws/PracticasArquiRobots/Practica5/ws_waiter/build/waiter_robot' returned '0': CMAKE_PREFIX_PATH=${CMAKE_PREFIX_PATH}:/opt/ros/jazzy DEBUGINFOD_URLS=https://debuginfod.ubuntu.com PS1=\[\e[35m\]\u@\h:\w$\[\e[0m\] /usr/bin/cmake --build /home/patricia/ArquiRobots/ros2_ws/PracticasArquiRobots/Practica5/ws_waiter/build/waiter_robot -- -j12 -l12
[0.101s] Invoking command in '/home/patricia/ArquiRobots/ros2_ws/PracticasArquiRobots/Practica5/ws_waiter/build/waiter_robot': CMAKE_PREFIX_PATH=${CMAKE_PREFIX_PATH}:/opt/ros/jazzy DEBUGINFOD_URLS=https://debuginfod.ubuntu.com PS1=\[\e[35m\]\u@\h:\w$\[\e[0m\] /usr/bin/cmake --install /home/patricia/ArquiRobots/ros2_ws/PracticasArquiRobots/Practica5/ws_waiter/build/waiter_robot
[0.109s] -- Install configuration: ""
[0.109s] -- Execute custom install script
[0.109s] -- Up-to-date symlink: /home/patricia/ArquiRobots/ros2_ws/PracticasArquiRobots/Practica5/ws_waiter/install/waiter_robot/lib/libwaiter_nodes.so
[0.110s] -- Up-to-date symlink: /home/patricia/ArquiRobots/ros2_ws/PracticasArquiRobots/Practica5/ws_waiter/install/waiter_robot/lib/waiter_robot/waiter_bt_example
[0.110s] -- Up-to-date symlink: /home/patricia/ArquiRobots/ros2_ws/PracticasArquiRobots/Practica5/ws_waiter/install/waiter_robot/share/waiter_robot/config/hri_params.yaml
[0.110s] -- Up-to-date symlink: /home/patricia/ArquiRobots/ros2_ws/PracticasArquiRobots/Practica5/ws_waiter/install/waiter_robot/share/waiter_robot/config/nav2_params.yaml
[0.110s] -- Up-to-date symlink: /home/patricia/ArquiRobots/ros2_ws/PracticasArquiRobots/Practica5/ws_waiter/install/waiter_robot/share/waiter_robot/config/waiter_params.yaml
[0.111s] -- Up-to-date symlink: /home/patricia/ArquiRobots/ros2_ws/PracticasArquiRobots/Practica5/ws_waiter/install/waiter_robot/share/waiter_robot/config/waiter_tree.xml
[0.111s] -- Up-to-date symlink: /home/patricia/ArquiRobots/ros2_ws/PracticasArquiRobots/Practica5/ws_waiter/install/waiter_robot/share/waiter_robot/launch/waiter.launch.py
[0.111s] -- Up-to-date symlink: /home/patricia/ArquiRobots/ros2_ws/PracticasArquiRobots/Practica5/ws_waiter/install/waiter_robot/share/waiter_robot/maps/map.yaml
[0.111s] -- Up-to-date symlink: /home/patricia/ArquiRobots/ros2_ws/PracticasArquiRobots/Practica5/ws_waiter/install/waiter_robot/share/ament_index/resource_index/package_run_dependencies/waiter_robot
[0.111s] -- Up-to-date symlink: /home/patricia/ArquiRobots/ros2_ws/PracticasArquiRobots/Practica5/ws_waiter/install/waiter_robot/share/ament_index/resource_index/parent_prefix_path/waiter_robot
[0.112s] -- Up-to-date symlink: /home/patricia/ArquiRobots/ros2_ws/PracticasArquiRobots/Practica5/ws_waiter/install/waiter_robot/share/waiter_robot/environment/ament_prefix_path.sh
[0.112s] -- Up-to-date symlink: /home/patricia/ArquiRobots/ros2_ws/PracticasArquiRobots/Practica5/ws_waiter/install/waiter_robot/share/waiter_robot/environment/ament_prefix_path.dsv
[0.112s] -- Up-to-date symlink: /home/patricia/ArquiRobots/ros2_ws/PracticasArquiRobots/Practica5/ws_waiter/install/waiter_robot/share/waiter_robot/environment/path.sh
[0.112s] -- Up-to-date symlink: /home/patricia/ArquiRobots/ros2_ws/PracticasArquiRobots/Practica5/ws_waiter/install/waiter_robot/share/waiter_robot/environment/path.dsv
[0.112s] -- Up-to-date symlink: /home/patricia/ArquiRobots/ros2_ws/PracticasArquiRobots/Practica5/ws_waiter/install/waiter_robot/share/waiter_robot/local_setup.bash
[0.112s] -- Up-to-date symlink: /home/patricia/ArquiRobots/ros2_ws/PracticasArquiRobots/Practica5/ws_waiter/install/waiter_robot/share/waiter_robot/local_setup.sh
[0.112s] -- Up-to-date symlink: /home/patricia/ArquiRobots/ros2_ws/PracticasArquiRobots/Practica5/ws_waiter/install/waiter_robot/share/waiter_robot/local_setup.zsh
[0.112s] -- Up-to-date symlink: /home/patricia/ArquiRobots/ros2_ws/PracticasArquiRobots/Practica5/ws_waiter/install/waiter_robot/share/waiter_robot/local_setup.dsv
[0.112s] -- Symlinking: /home/patricia/ArquiRobots/ros2_ws/PracticasArquiRobots/Practica5/ws_waiter/install/waiter_robot/share/waiter_robot/package.dsv
[0.119s] -- Up-to-date symlink: /home/patricia/ArquiRobots/ros2_ws/PracticasArquiRobots/Practica5/ws_waiter/install/waiter_robot/share/ament_index/resource_index/packages/waiter_robot
[0.120s] -- Up-to-date symlink: /home/patricia/ArquiRobots/ros2_ws/PracticasArquiRobots/Practica5/ws_waiter/install/waiter_robot/share/waiter_robot/cmake/waiter_robotConfig.cmake
[0.120s] -- Up-to-date symlink: /home/patricia/ArquiRobots/ros2_ws/PracticasArquiRobots/Practica5/ws_waiter/install/waiter_robot/share/waiter_robot/cmake/waiter_robotConfig-version.cmake
[0.120s] -- Up-to-date symlink: /home/patricia/ArquiRobots/ros2_ws/PracticasArquiRobots/Practica5/ws_waiter/install/waiter_robot/share/waiter_robot/package.xml
[0.121s] Invoked command in '/home/patricia/ArquiRobots/ros2_ws/PracticasArquiRobots/Practica5/ws_waiter/build/waiter_robot' returned '0': CMAKE_PREFIX_PATH=${CMAKE_PREFIX_PATH}:/opt/ros/jazzy DEBUGINFOD_URLS=https://debuginfod.ubuntu.com PS1=\[\e[35m\]\u@\h:\w$\[\e[0m\] /usr/bin/cmake --install /home/patricia/ArquiRobots/ros2_ws/PracticasArquiRobots/Practica5/ws_waiter/build/waiter_robot
