-- The C compiler identification is GNU 13.3.0
-- The CXX compiler identification is GNU 13.3.0
-- Detecting C compiler ABI info
-- Detecting C compiler ABI info - done
-- Check for working C compiler: /usr/bin/cc - skipped
-- Detecting C compile features
-- Detecting C compile features - done
-- Detecting CXX compiler ABI info
-- Detecting CXX compiler ABI info - done
-- Check for working CXX compiler: /usr/bin/c++ - skipped
-- Detecting CXX compile features
-- Detecting CXX compile features - done
-- Found ament_cmake: 2.5.5 (/opt/ros/jazzy/share/ament_cmake/cmake)
-- Found Python3: /usr/bin/python3 (found version "3.12.3") found components: Interpreter 
-- Override CMake install command with custom implementation using symlinks instead of copying resources
-- Found rclcpp: 28.1.16 (/opt/ros/jazzy/share/rclcpp/cmake)
-- Found rosidl_generator_c: 4.6.7 (/opt/ros/jazzy/share/rosidl_generator_c/cmake)
-- Found rosidl_generator_cpp: 4.6.7 (/opt/ros/jazzy/share/rosidl_generator_cpp/cmake)
-- Using all available rosidl_typesupport_c: rosidl_typesupport_fastrtps_c;rosidl_typesupport_introspection_c
-- Using all available rosidl_typesupport_cpp: rosidl_typesupport_fastrtps_cpp;rosidl_typesupport_introspection_cpp
-- Found rmw_implementation_cmake: 7.3.3 (/opt/ros/jazzy/share/rmw_implementation_cmake/cmake)
-- Found rmw_fastrtps_cpp: 8.4.3 (/opt/ros/jazzy/share/rmw_fastrtps_cpp/cmake)
-- Found OpenSSL: /usr/lib/x86_64-linux-gnu/libcrypto.so (found version "3.0.13")  
-- Found FastRTPS: /opt/ros/jazzy/include (Required is at least version "2.13") 
-- Using RMW implementation 'rmw_fastrtps_cpp' as default
-- Found rclcpp_action: 28.1.16 (/opt/ros/jazzy/share/rclcpp_action/cmake)
-- Found std_msgs: 5.3.6 (/opt/ros/jazzy/share/std_msgs/cmake)
-- Found geometry_msgs: 5.3.6 (/opt/ros/jazzy/share/geometry_msgs/cmake)
-- Found nav2_msgs: 1.3.10 (/opt/ros/jazzy/share/nav2_msgs/cmake)
-- Found tf2_ros: 0.36.19 (/opt/ros/jazzy/share/tf2_ros/cmake)
-- Found behaviortree_cpp: 4.8.3 (/opt/ros/jazzy/share/behaviortree_cpp/cmake)
-- Found ament_lint_auto: 0.17.4 (/opt/ros/jazzy/share/ament_lint_auto/cmake)
-- Added test 'cppcheck' to perform static code analysis on C / C++ code
-- Configured cppcheck include dirs: /home/patricia/ArquiRobots/ros2_ws/PracticasArquiRobots/Practica5/ws_waiter/src/waiter_robot/include
-- Configured cppcheck exclude dirs and/or files: 
-- Added test 'flake8' to check Python code syntax and style conventions
-- Configured 'flake8' exclude dirs and/or files: 
-- Added test 'lint_cmake' to check CMake code style
-- Added test 'pep257' to check Python code against some of the docstring style conventions in PEP 257
-- Added test 'uncrustify' to check C / C++ code style
-- Configured uncrustify additional arguments: 
-- Added test 'xmllint' to check XML markup files
-- Configuring done (3.3s)
-- Generating done (0.0s)
-- Build files have been written to: /home/patricia/ArquiRobots/ros2_ws/PracticasArquiRobots/Practica5/ws_waiter/build/waiter_robot
[ 11%] [32mBuilding CXX object CMakeFiles/waiter_nodes.dir/src/navigate_to_pose_action.cpp.o[0m
[ 22%] [32mBuilding CXX object CMakeFiles/waiter_nodes.dir/src/text_utils.cpp.o[0m
[ 33%] [32mBuilding CXX object CMakeFiles/waiter_nodes.dir/src/bt_nodes/bt_node_registration.cpp.o[0m
[ 44%] [32mBuilding CXX object CMakeFiles/waiter_nodes.dir/src/extract_info_action.cpp.o[0m
[ 55%] [32mBuilding CXX object CMakeFiles/waiter_nodes.dir/src/listen_text_action.cpp.o[0m
[ 66%] [32mBuilding CXX object CMakeFiles/waiter_nodes.dir/src/say_text_action.cpp.o[0m
[ 77%] [32m[1mLinking CXX shared library libwaiter_nodes.so[0m
[ 77%] Built target waiter_nodes
[ 88%] [32mBuilding CXX object CMakeFiles/waiter_bt_example.dir/src/waiter_bt_example.cpp.o[0m
[100%] [32m[1mLinking CXX executable waiter_bt_example[0m
[100%] Built target waiter_bt_example
-- Install configuration: ""
-- Execute custom install script
-- Symlinking: /home/patricia/ArquiRobots/ros2_ws/PracticasArquiRobots/Practica5/ws_waiter/install/waiter_robot/lib/libwaiter_nodes.so
-- Symlinking: /home/patricia/ArquiRobots/ros2_ws/PracticasArquiRobots/Practica5/ws_waiter/install/waiter_robot/lib/waiter_robot/waiter_bt_example
-- Symlinking: /home/patricia/ArquiRobots/ros2_ws/PracticasArquiRobots/Practica5/ws_waiter/install/waiter_robot/share/waiter_robot/config/hri_params.yaml
-- Symlinking: /home/patricia/ArquiRobots/ros2_ws/PracticasArquiRobots/Practica5/ws_waiter/install/waiter_robot/share/waiter_robot/config/nav2_params.yaml
-- Symlinking: /home/patricia/ArquiRobots/ros2_ws/PracticasArquiRobots/Practica5/ws_waiter/install/waiter_robot/share/waiter_robot/config/waiter_params.yaml
-- Symlinking: /home/patricia/ArquiRobots/ros2_ws/PracticasArquiRobots/Practica5/ws_waiter/install/waiter_robot/share/waiter_robot/config/waiter_tree.xml
-- Symlinking: /home/patricia/ArquiRobots/ros2_ws/PracticasArquiRobots/Practica5/ws_waiter/install/waiter_robot/share/waiter_robot/launch/waiter.launch.py
-- Symlinking: /home/patricia/ArquiRobots/ros2_ws/PracticasArquiRobots/Practica5/ws_waiter/install/waiter_robot/share/waiter_robot/maps/map.yaml
-- Symlinking: /home/patricia/ArquiRobots/ros2_ws/PracticasArquiRobots/Practica5/ws_waiter/install/waiter_robot/share/ament_index/resource_index/package_run_dependencies/waiter_robot
-- Symlinking: /home/patricia/ArquiRobots/ros2_ws/PracticasArquiRobots/Practica5/ws_waiter/install/waiter_robot/share/ament_index/resource_index/parent_prefix_path/waiter_robot
-- Symlinking: /home/patricia/ArquiRobots/ros2_ws/PracticasArquiRobots/Practica5/ws_waiter/install/waiter_robot/share/waiter_robot/environment/ament_prefix_path.sh
-- Symlinking: /home/patricia/ArquiRobots/ros2_ws/PracticasArquiRobots/Practica5/ws_waiter/install/waiter_robot/share/waiter_robot/environment/ament_prefix_path.dsv
-- Symlinking: /home/patricia/ArquiRobots/ros2_ws/PracticasArquiRobots/Practica5/ws_waiter/install/waiter_robot/share/waiter_robot/environment/path.sh
-- Symlinking: /home/patricia/ArquiRobots/ros2_ws/PracticasArquiRobots/Practica5/ws_waiter/install/waiter_robot/share/waiter_robot/environment/path.dsv
-- Symlinking: /home/patricia/ArquiRobots/ros2_ws/PracticasArquiRobots/Practica5/ws_waiter/install/waiter_robot/share/waiter_robot/local_setup.bash
-- Symlinking: /home/patricia/ArquiRobots/ros2_ws/PracticasArquiRobots/Practica5/ws_waiter/install/waiter_robot/share/waiter_robot/local_setup.sh
-- Symlinking: /home/patricia/ArquiRobots/ros2_ws/PracticasArquiRobots/Practica5/ws_waiter/install/waiter_robot/share/waiter_robot/local_setup.zsh
-- Symlinking: /home/patricia/ArquiRobots/ros2_ws/PracticasArquiRobots/Practica5/ws_waiter/install/waiter_robot/share/waiter_robot/local_setup.dsv
-- Symlinking: /home/patricia/ArquiRobots/ros2_ws/PracticasArquiRobots/Practica5/ws_waiter/install/waiter_robot/share/waiter_robot/package.dsv
-- Symlinking: /home/patricia/ArquiRobots/ros2_ws/PracticasArquiRobots/Practica5/ws_waiter/install/waiter_robot/share/ament_index/resource_index/packages/waiter_robot
-- Symlinking: /home/patricia/ArquiRobots/ros2_ws/PracticasArquiRobots/Practica5/ws_waiter/install/waiter_robot/share/waiter_robot/cmake/waiter_robotConfig.cmake
-- Symlinking: /home/patricia/ArquiRobots/ros2_ws/PracticasArquiRobots/Practica5/ws_waiter/install/waiter_robot/share/waiter_robot/cmake/waiter_robotConfig-version.cmake
-- Symlinking: /home/patricia/ArquiRobots/ros2_ws/PracticasArquiRobots/Practica5/ws_waiter/install/waiter_robot/share/waiter_robot/package.xml
